// Jest Snapshot v1, https://goo.gl/fbAQLP

exports[`Pruebas en el Entry componen debe de hacer match con el snapshot 1`] = `
<div class="entry-container mb-3 pointer p-2">
  <!-- Título -->
  <div class="entry-title d-flex"><span class="text-success fs-5 fw-bold">6</span><span class="mx-1 fs-5">Noviembre</span><span class="mx-2 fw-light">2021, Sábado</span></div>
  <div class="entry-description">Hola mundo desde Mock Data</div>
  <hr>
</div>
`;
